{
    "-profile test": {
        "content": [
            {
                "Workflow": {
                    "nf-core/genephylomodeler": "v1.0.0dev"
                }
            },
            [
                "pipeline_info",
                "pipeline_info/nf_core_genephylomodeler_software_mqc_versions.yml"
            ],
            [
                
            ]
        ],
        "meta": {
            "nf-test": "0.9.3",
            "nextflow": "25.04.6"
        },
        "timestamp": "2026-03-13T13:33:20.520993"
    }
}